=== Sat Oct  3 02:27:46 PDT 2026: Starting sindyffuse-build-opensimad-ext ===
job.batch/sindyffuse-build-opensimad-ext created
=== Sat Oct  3 02:30:20 PDT 2026: Completed sindyffuse-build-opensimad-ext ===
=== Sat Oct  3 02:30:20 PDT 2026: Starting sindyffuse-prepare-opensimad-polynomials ===
job.batch/sindyffuse-prepare-opensimad-polynomials created
=== Sat Oct  3 02:30:52 PDT 2026: Completed sindyffuse-prepare-opensimad-polynomials ===
=== Sat Oct  3 02:30:52 PDT 2026: Starting sindyffuse-build-opensimad-polynomials ===
job.batch/sindyffuse-build-opensimad-polynomials created
=== Sat Oct  3 02:36:29 PDT 2026: Completed sindyffuse-build-opensimad-polynomials ===
=== Sat Oct  3 02:36:29 PDT 2026: Starting sindyffuse-finalize-opensimad-polynomials ===
job.batch/sindyffuse-finalize-opensimad-polynomials created
=== Sat Oct  3 02:37:31 PDT 2026: Completed sindyffuse-finalize-opensimad-polynomials ===
=== Sat Oct  3 02:37:31 PDT 2026: Starting sindyffuse-opensimad-canary ===
job.batch/sindyffuse-opensimad-canary created
=== FAILED: sindyffuse-opensimad-canary; stopping pipeline ===
Name:                        sindyffuse-opensimad-canary
Namespace:                   ai-md
Selector:                    batch.kubernetes.io/controller-uid=82fbd098-7a61-46db-8354-ca6804b69f0d
Labels:                      app=sindyffuse-opensimad-canary
Annotations:                 nrp.ai/username: http://cilogon.org/serverE/users/279361
Parallelism:                 1
Completions:                 1
Completion Mode:             NonIndexed
Suspend:                     false
Backoff Limit:               1
TTL Seconds After Finished:  86400
Start Time:                  Sat, 03 Oct 2026 02:37:32 -0700
Active Deadline Seconds:     14400s
Pods Statuses:               0 Active (0 Ready) / 0 Succeeded / 2 Failed
Pod Template:
  Labels:  app=sindyffuse-opensimad-canary
           batch.kubernetes.io/controller-uid=82fbd098-7a61-46db-8354-ca6804b69f0d
           batch.kubernetes.io/job-name=sindyffuse-opensimad-canary
           controller-uid=82fbd098-7a61-46db-8354-ca6804b69f0d
           job-name=sindyffuse-opensimad-canary
  Containers:
   sindyffuse-opensimad-canary:
    Image:      ncking/sindyffuse:latest
    Port:       <none>
    Host Port:  <none>
    Command:
      /bin/bash
      -c
    Args:
      set -eo pipefail
      mkdir -p /mnt/SINDyffuse/logs
      attempt="$(date -u +%Y%m%dT%H%M%SZ)_${HOSTNAME}"
      exec > >(tee -a "/mnt/SINDyffuse/logs/opensimad-canary_${attempt}.log") 2>&1
      source deploy/scripts/job-env.sh
      source deploy/scripts/ensure-casadi.sh
      mkdir -p /scratch
      python -u scripts/run_opensimad_canary.py \
        --log_dir /mnt/SINDyffuse/logs \
        --mesh_interval 0.02 \
        --max_iterations 2500
      
    Limits:
      cpu:     4
      memory:  64Gi
    Requests:
      cpu:     4
      memory:  64Gi
    Environment:
      MOCO_NUM_THREADS:          1
      OPENSIMAD_EXPAND_NLP:      0
      OPENSIMAD_BOUNDS_REWRITE:  0
      TMPDIR:                    /scratch
      MOCO_TEMP_DIR:             /scratch
      SINDYFFUSE_RUN_LOG_ID:     opensimad-canary
    Mounts:
      /mnt from data (rw)
      /scratch from scratch (rw)
  Volumes:
   data:
    Type:       PersistentVolumeClaim (a reference to a PersistentVolumeClaim in the same namespace)
    ClaimName:  sindyffuse
    ReadOnly:   false
   scratch:
    Type:          EmptyDir (a temporary directory that shares a pod's lifetime)
    Medium:        
    SizeLimit:     32Gi
  Node-Selectors:  <none>
  Tolerations:     <none>
Events:
  Type    Reason            Age   From            Message
  ----    ------            ----  ----            -------
  Normal  SuccessfulDelete  6s    job-controller  Deleted pod: sindyffuse-opensimad-canary-cssmg
Found 2 pods, using pod/sindyffuse-opensimad-canary-cssmg
1005  2.2761670e+00 4.98e+00 4.07e-01  -6.2 2.51e-01    -  9.22e-01 5.02e-01f  1
1006  2.2754359e+00 4.50e+00 1.64e-01  -6.2 9.53e-01    -  7.43e-01 2.73e-01h  2
1007  2.2751070e+00 4.21e+00 1.72e-01  -6.2 9.41e-01    -  9.06e-01 1.08e-01h  1
1008  2.2764327e+00 2.46e+00 2.11e-01  -6.2 5.67e-01    -  8.81e-01 8.01e-01H  1
1009  2.2756461e+00 1.31e+00 1.24e-01  -6.2 4.04e-01    -  9.46e-01 5.14e-01h  1
iter    objective    inf_pr   inf_du lg(mu)  ||d||  lg(rg) alpha_du alpha_pr  ls
1010  2.2750683e+00 1.25e+00 1.58e-01  -6.9 3.37e+00    -  4.51e-01 7.99e-02h  1
1011  2.2746207e+00 1.47e+00 1.25e-01  -6.7 1.65e+00    -  4.06e-01 6.59e-02h  1
1012  2.2743850e+00 1.37e+00 4.36e-02  -6.5 4.07e-01    -  3.47e-01 8.08e-02h  1
1013  2.2734987e+00 3.02e+00 3.25e-01  -6.7 6.19e-01    -  5.46e-01 4.21e-01h  1
1014  2.2757839e+00 2.10e+00 5.39e-01  -6.1 7.44e-01    -  2.78e-01 4.93e-01h  1
1015  2.2737235e+00 1.48e+00 2.91e-01  -6.5 5.73e-01    -  6.97e-01 4.14e-01h  1
1016  2.2723305e+00 1.46e+00 3.26e-01  -6.7 1.36e+00    -  4.20e-01 2.33e-01h  1
1017  2.2732948e+00 4.27e+00 6.03e-01  -6.2 2.06e+00    -  3.25e-01 4.29e-01h  1
1018  2.2726754e+00 3.77e+00 5.22e-01  -6.5 6.82e-01    -  2.08e-01 1.20e-01h  1
1019  2.2719268e+00 3.53e+00 3.72e-01  -6.5 1.05e+00    -  2.85e-01 1.62e-01h  1
iter    objective    inf_pr   inf_du lg(mu)  ||d||  lg(rg) alpha_du alpha_pr  ls
1020  2.2735470e+00 7.86e+00 2.49e-01  -6.2 5.36e-01    -  1.80e-01 1.00e+00f  1
1021  2.2726403e+00 8.19e+00 1.70e-01  -6.5 1.80e+00    -  2.39e-01 1.85e-01h  1
1022  2.2712016e+00 7.22e+00 1.52e-01  -6.5 2.36e+00    -  2.26e-01 2.09e-01h  1
1023  2.2750575e+00 2.88e+01 6.20e-01  -5.7 3.52e+00    -  4.29e-02 1.81e-01f  1
1024  2.2730466e+00 2.29e+01 5.70e-01  -6.4 1.08e+00    -  7.59e-01 2.11e-01h  1
1025  2.2736626e+00 1.85e+01 6.51e-01  -6.4 2.78e+00    -  3.66e-01 1.91e-01h  1
1026  2.2720824e+00 1.35e+01 3.63e-01  -6.4 6.71e-01    -  7.71e-02 2.98e-01h  1
1027  2.2717068e+00 1.96e+01 1.84e+00  -6.4 3.24e+00    -  2.50e-01 1.43e-01h  1
1028  2.2716744e+00 1.89e+01 1.76e+00  -6.4 5.45e-01    -  3.71e-01 3.32e-02h  1
1029  2.2713362e+00 1.31e+01 8.29e-01  -6.4 5.01e-01    -  2.16e-01 3.89e-01f  1
iter    objective    inf_pr   inf_du lg(mu)  ||d||  lg(rg) alpha_du alpha_pr  ls
1030  2.2698493e+00 1.24e+01 6.44e-01  -6.4 1.55e+00    -  2.08e-01 2.37e-01h  1
1031  2.2719595e+00 9.45e+00 9.08e-02  -6.1 1.13e+00    -  1.00e+00 6.05e-01f  1
1032  2.2725703e+00 6.99e+00 1.74e-01  -6.1 7.08e-01    -  1.70e-01 2.79e-01H  1
1033  2.2726805e+00 3.78e+00 1.75e-01  -6.2 9.44e-01    -  7.47e-01 4.62e-01H  1
1034  2.2720429e+00 3.78e+00 9.16e-02  -6.5 1.11e+00    -  7.25e-01 2.38e-01h  1
1035  2.2716643e+00 3.11e+00 6.55e-02  -6.7 6.54e-01    -  4.04e-01 1.80e-01h  1
1036  2.2746936e+00 3.41e-01 1.81e-01  -6.1 4.85e-01    -  6.46e-01 9.34e-01H  1
1037  2.2731649e+00 5.60e-01 2.49e-01  -6.4 7.15e-01    -  1.00e+00 7.15e-01h  1
1038  2.2730109e+00 3.11e+00 5.96e-01  -6.1 4.02e-01    -  4.49e-01 5.51e-01h  1
1039  2.2733209e+00 3.28e+00 2.21e-01  -6.0 1.50e+00    -  1.47e-01 1.34e-01h  1
iter    objective    inf_pr   inf_du lg(mu)  ||d||  lg(rg) alpha_du alpha_pr  ls
1040  2.2731946e+00 3.20e+00 2.17e-01  -6.3 7.71e-01    -  6.41e-01 2.72e-02h  1
1041  2.2724194e+00 1.49e+00 7.81e-02  -6.3 3.20e-01    -  1.00e+00 6.00e-01f  1
1042  2.2721384e+00 1.44e+00 1.41e-01  -6.4 1.63e+00    -  9.61e-01 9.44e-02h  4
1043  2.2720356e+00 1.33e+00 1.19e-01  -6.3 3.00e-01    -  1.00e+00 7.81e-02h  1
1044  2.2778313e+00 3.25e+00 4.06e-01  -6.0 1.44e+00    -  4.73e-01 7.90e-01h  1
1045  2.2777848e+00 3.53e+00 1.56e-01  -6.2 3.26e+00    -  1.19e-01 4.56e-02h  3
1046  2.2754711e+00 2.52e+00 7.41e-02  -6.2 9.77e-01    -  3.89e-01 3.60e-01h  1
1047  2.2752498e+00 2.52e+00 5.67e-02  -6.2 1.80e+01    -  9.11e-02 4.37e-03h  1
1048  2.2723694e+00 1.38e+01 1.83e+00  -6.2 2.22e+00    -  5.03e-01 4.41e-01f  1
1049  2.2721910e+00 1.26e+01 1.52e+00  -6.2 1.80e+00    -  5.00e-01 1.21e-01h  2
iter    objective    inf_pr   inf_du lg(mu)  ||d||  lg(rg) alpha_du alpha_pr  ls
1050  2.2720178e+00 1.17e+01 1.30e+00  -6.2 1.18e+00    -  5.68e-02 8.47e-02h  1
1051  2.2718234e+00 9.85e+00 8.58e-01  -6.2 7.24e-01    -  4.26e-01 1.93e-01h  1
1052  2.2718036e+00 8.75e+00 6.44e-01  -6.2 7.40e-01    -  5.59e-01 1.31e-01h  1
1053  2.2720849e+00 7.55e+00 4.73e-01  -6.2 2.81e+00    -  1.95e-01 1.90e-01h  1
1054  2.2720767e+00 7.35e+00 4.39e-01  -6.2 3.62e-01    -  6.41e-01 2.67e-02h  1
1055  2.2725653e+00 1.96e+00 7.22e-02  -6.2 3.37e-01    -  8.16e-01 1.00e+00h  1
1056  2.2725629e+00 1.95e+00 7.23e-02  -6.2 8.71e-01    -  5.95e-01 6.30e-03h  1
1057  2.2725737e+00 1.80e+00 6.61e-02  -6.2 2.93e-01    -  5.01e-01 7.70e-02h  4
1058  2.2726483e+00 1.55e+00 5.17e-02  -6.2 1.05e+00    -  3.23e-01 1.41e-01h  1
1059  2.2726335e+00 1.46e+00 3.88e-02  -6.2 1.28e+00    -  6.01e-01 7.79e-02h  3
iter    objective    inf_pr   inf_du lg(mu)  ||d||  lg(rg) alpha_du alpha_pr  ls
1060  2.2725805e+00 1.72e+00 1.86e-01  -6.2 4.37e-01    -  5.96e-01 7.35e-01h  1
1061  2.2724694e+00 1.12e+00 7.39e-02  -6.2 4.23e-01    -  1.00e+00 4.77e-01h  1
1062  2.2718841e+00 7.80e-01 5.80e-02  -7.1 1.70e-01    -  6.75e-01 3.59e-01h  1
1063  2.2727035e+00 1.81e+00 2.43e-01  -6.1 6.10e-01    -  6.97e-01 4.32e-01h  1
1064  2.2726151e+00 1.67e+00 2.31e-01  -6.3 2.09e-01    -  1.00e+00 8.21e-02h  1
1065  2.2722012e+00 1.45e+00 8.86e-02  -6.3 2.36e-01    -  3.54e-01 4.65e-01f  1
1066  2.2759129e+00 3.67e+00 3.45e-01  -5.9 2.04e-01    -  9.22e-01 1.00e+00f  1
1067  2.2759782e+00 2.83e+00 3.47e-01  -6.1 1.05e+00    -  8.56e-02 2.48e-01h  1
1068  2.2758009e+00 2.55e+00 2.39e-01  -6.1 3.69e-01    -  7.87e-01 1.04e-01f  1
1069  2.2753920e+00 1.84e+00 2.19e-01  -6.1 1.44e-01    -  4.24e-01 3.28e-01f  1
iter    objective    inf_pr   inf_du lg(mu)  ||d||  lg(rg) alpha_du alpha_pr  ls
1070  2.2751885e+00 1.43e+00 1.41e-01  -6.1 1.76e+00    -  2.19e-01 2.34e-01H  1
1071  2.2753779e+00 1.21e+00 1.03e-01  -6.1 3.95e-01    -  3.06e-01 1.64e-01h  3
1072  2.2748649e+00 2.18e+00 1.09e-01  -6.1 7.30e-01    -  1.47e-01 3.90e-01h  1
1073  2.2745573e+00 1.57e+00 1.23e-01  -6.1 4.04e-01    -  7.33e-01 4.35e-01f  2
1074  2.2744621e+00 2.14e+00 8.91e-02  -6.1 1.66e-01    -  5.64e-01 2.60e-01h  1
1075  2.2748008e+00 6.86e-01 2.36e-01  -6.1 1.19e-01    -  7.79e-01 1.00e+00h  1
1076  2.2747537e+00 4.99e-01 1.19e-01  -6.1 9.70e-02    -  1.00e+00 3.97e-01h  1
1077  2.2736274e+00 1.83e-01 3.85e-02  -6.4 7.29e-02    -  1.00e+00 1.00e+00h  1
1078  2.2743783e+00 9.49e-01 2.60e-01  -5.8 1.31e+00    -  5.48e-01 6.70e-02h  3
1079  2.2747432e+00 3.43e-01 7.21e-02  -6.1 7.18e-02    -  4.95e-01 1.00e+00h  1
iter    objective    inf_pr   inf_du lg(mu)  ||d||  lg(rg) alpha_du alpha_pr  ls
1080  2.2747443e+00 1.31e-01 2.18e-02  -6.1 2.94e-02    -  1.00e+00 1.00e+00h  1
1081  2.2748976e+00 2.68e-02 1.91e-02  -6.1 3.88e-02    -  1.00e+00 1.00e+00h  1
1082  2.2749884e+00 1.52e+00 5.80e-01  -6.1 1.03e-01    -  1.00e+00 9.95e-01h  1
1083  2.2742503e+00 1.18e+00 2.05e-01  -6.2 1.02e-01    -  3.59e-01 5.16e-01h  1
1084  2.2739363e+00 9.61e-01 1.81e-01  -6.2 2.95e-01    -  3.19e-01 2.05e-01h  2
1085  2.2738737e+00 7.57e-01 7.82e-02  -6.2 8.73e-01    -  5.49e-01 2.84e-01h  1
1086  2.2738498e+00 6.74e-01 4.62e-02  -6.2 1.22e-01    -  7.48e-01 1.25e-01h  4
1087  2.2737649e+00 3.46e-01 4.23e-02  -6.2 3.06e-01    -  1.00e+00 7.10e-01h  1
1088  2.2737556e+00 3.04e-01 5.09e-02  -6.2 1.55e-01    -  1.00e+00 1.25e-01h  4
1089  2.2737033e+00 7.64e-02 2.64e-02  -6.2 4.89e-02    -  1.00e+00 1.00e+00h  1
iter    objective    inf_pr   inf_du lg(mu)  ||d||  lg(rg) alpha_du alpha_pr  ls
1090  2.2738540e+00 1.14e-01 2.88e-01  -6.2 7.65e-02    -  1.00e+00 1.00e+00H  1
1091  2.2719466e+00 2.66e-01 1.33e-01  -6.6 1.97e-01    -  1.00e+00 1.00e+00h  1
1092  2.2770864e+00 1.17e+00 1.60e-01  -6.0 3.89e-01    -  6.70e-01 1.00e+00h  1
1093  2.2770271e+00 1.15e+00 1.71e-01  -6.2 2.36e+00    -  5.94e-01 1.78e-02h  1
1094  2.2757328e+00 8.29e-01 1.20e-01  -6.2 2.62e-01    -  7.98e-01 2.93e-01h  1
1095  2.2752213e+00 7.03e-01 9.86e-02  -6.2 3.89e-01    -  1.00e+00 1.66e-01h  1
